// Jest Snapshot v1, https://goo.gl/fbAQLP

exports[`Login page renders the component 1`] = `
<div>
  <h2>
    login.title
  </h2>
  This is where the login would be
</div>
`;
