// Jest Snapshot v1, https://goo.gl/fbAQLP

exports[`Container component renders the component 1`] = `
<div>
  test
</div>
`;
